2026-01-11 19:01:57.234 | INFO     | __main__:main:91 - Stage: zero_shot
2026-01-11 19:01:59.171 | INFO     | __main__:main:98 - Stage: freeze_layers
2026-01-11 19:02:03.155 | INFO     | mobod_llm.experiments.common:train_classifier:73 - freeze_layers:80:fp32: epoch 1/2 start
2026-01-11 19:02:14.144 | INFO     | mobod_llm.experiments.common:train_classifier:89 - freeze_layers:80:fp32: epoch 1/2 end
2026-01-11 19:02:14.145 | INFO     | mobod_llm.experiments.common:train_classifier:73 - freeze_layers:80:fp32: epoch 2/2 start
2026-01-11 19:02:24.889 | INFO     | mobod_llm.experiments.common:train_classifier:89 - freeze_layers:80:fp32: epoch 2/2 end
2026-01-11 19:02:28.530 | INFO     | mobod_llm.experiments.common:train_classifier:73 - freeze_layers:80:fp16: epoch 1/2 start
2026-01-11 19:02:40.901 | INFO     | mobod_llm.experiments.common:train_classifier:89 - freeze_layers:80:fp16: epoch 1/2 end
2026-01-11 19:02:40.902 | INFO     | mobod_llm.experiments.common:train_classifier:73 - freeze_layers:80:fp16: epoch 2/2 start
2026-01-11 19:02:53.006 | INFO     | mobod_llm.experiments.common:train_classifier:89 - freeze_layers:80:fp16: epoch 2/2 end
2026-01-11 19:02:56.013 | INFO     | mobod_llm.experiments.common:train_classifier:73 - freeze_layers:50:fp32: epoch 1/2 start
2026-01-11 19:03:08.372 | INFO     | mobod_llm.experiments.common:train_classifier:89 - freeze_layers:50:fp32: epoch 1/2 end
2026-01-11 19:03:08.372 | INFO     | mobod_llm.experiments.common:train_classifier:73 - freeze_layers:50:fp32: epoch 2/2 start
2026-01-11 19:03:20.726 | INFO     | mobod_llm.experiments.common:train_classifier:89 - freeze_layers:50:fp32: epoch 2/2 end
2026-01-11 19:03:24.502 | INFO     | mobod_llm.experiments.common:train_classifier:73 - freeze_layers:50:fp16: epoch 1/2 start
2026-01-11 19:03:38.244 | INFO     | mobod_llm.experiments.common:train_classifier:89 - freeze_layers:50:fp16: epoch 1/2 end
2026-01-11 19:03:38.244 | INFO     | mobod_llm.experiments.common:train_classifier:73 - freeze_layers:50:fp16: epoch 2/2 start
2026-01-11 19:03:52.497 | INFO     | mobod_llm.experiments.common:train_classifier:89 - freeze_layers:50:fp16: epoch 2/2 end
2026-01-11 19:03:55.355 | INFO     | mobod_llm.experiments.common:train_classifier:73 - freeze_layers:20:fp32: epoch 1/2 start
2026-01-11 19:04:09.624 | INFO     | mobod_llm.experiments.common:train_classifier:89 - freeze_layers:20:fp32: epoch 1/2 end
2026-01-11 19:04:09.624 | INFO     | mobod_llm.experiments.common:train_classifier:73 - freeze_layers:20:fp32: epoch 2/2 start
2026-01-11 19:04:23.775 | INFO     | mobod_llm.experiments.common:train_classifier:89 - freeze_layers:20:fp32: epoch 2/2 end
2026-01-11 19:04:27.236 | INFO     | mobod_llm.experiments.common:train_classifier:73 - freeze_layers:20:fp16: epoch 1/2 start
2026-01-11 19:04:43.129 | INFO     | mobod_llm.experiments.common:train_classifier:89 - freeze_layers:20:fp16: epoch 1/2 end
2026-01-11 19:04:43.130 | INFO     | mobod_llm.experiments.common:train_classifier:73 - freeze_layers:20:fp16: epoch 2/2 start
2026-01-11 19:04:58.771 | INFO     | mobod_llm.experiments.common:train_classifier:89 - freeze_layers:20:fp16: epoch 2/2 end
2026-01-11 19:05:01.576 | INFO     | mobod_llm.experiments.common:train_classifier:73 - freeze_layers:0:fp32: epoch 1/2 start
2026-01-11 19:05:16.811 | INFO     | mobod_llm.experiments.common:train_classifier:89 - freeze_layers:0:fp32: epoch 1/2 end
2026-01-11 19:05:16.812 | INFO     | mobod_llm.experiments.common:train_classifier:73 - freeze_layers:0:fp32: epoch 2/2 start
2026-01-11 19:05:31.989 | INFO     | mobod_llm.experiments.common:train_classifier:89 - freeze_layers:0:fp32: epoch 2/2 end
2026-01-11 19:05:35.272 | INFO     | mobod_llm.experiments.common:train_classifier:73 - freeze_layers:0:fp16: epoch 1/2 start
2026-01-11 19:05:52.264 | INFO     | mobod_llm.experiments.common:train_classifier:89 - freeze_layers:0:fp16: epoch 1/2 end
2026-01-11 19:05:52.264 | INFO     | mobod_llm.experiments.common:train_classifier:73 - freeze_layers:0:fp16: epoch 2/2 start
2026-01-11 19:06:09.167 | INFO     | mobod_llm.experiments.common:train_classifier:89 - freeze_layers:0:fp16: epoch 2/2 end
2026-01-11 19:06:11.926 | INFO     | __main__:main:105 - Stage: adapters
2026-01-11 19:06:22.233 | INFO     | mobod_llm.experiments.common:train_classifier:73 - adapters:lora:fp32: epoch 1/3 start
2026-01-11 19:06:36.627 | INFO     | mobod_llm.experiments.common:train_classifier:89 - adapters:lora:fp32: epoch 1/3 end
2026-01-11 19:06:36.627 | INFO     | mobod_llm.experiments.common:train_classifier:73 - adapters:lora:fp32: epoch 2/3 start
2026-01-11 19:06:50.971 | INFO     | mobod_llm.experiments.common:train_classifier:89 - adapters:lora:fp32: epoch 2/3 end
2026-01-11 19:06:50.971 | INFO     | mobod_llm.experiments.common:train_classifier:73 - adapters:lora:fp32: epoch 3/3 start
2026-01-11 19:07:05.583 | INFO     | mobod_llm.experiments.common:train_classifier:89 - adapters:lora:fp32: epoch 3/3 end
2026-01-11 19:07:08.431 | INFO     | mobod_llm.experiments.common:train_classifier:73 - adapters:lora:fp16: epoch 1/3 start
2026-01-11 19:07:26.490 | INFO     | mobod_llm.experiments.common:train_classifier:89 - adapters:lora:fp16: epoch 1/3 end
2026-01-11 19:07:26.490 | INFO     | mobod_llm.experiments.common:train_classifier:73 - adapters:lora:fp16: epoch 2/3 start
2026-01-11 19:07:44.650 | INFO     | mobod_llm.experiments.common:train_classifier:89 - adapters:lora:fp16: epoch 2/3 end
2026-01-11 19:07:44.650 | INFO     | mobod_llm.experiments.common:train_classifier:73 - adapters:lora:fp16: epoch 3/3 start
2026-01-11 19:08:02.868 | INFO     | mobod_llm.experiments.common:train_classifier:89 - adapters:lora:fp16: epoch 3/3 end
2026-01-11 19:08:05.915 | INFO     | mobod_llm.experiments.common:train_classifier:73 - adapters:prompt:fp32: epoch 1/3 start
2026-01-11 19:08:15.746 | INFO     | mobod_llm.experiments.common:train_classifier:89 - adapters:prompt:fp32: epoch 1/3 end
2026-01-11 19:08:15.746 | INFO     | mobod_llm.experiments.common:train_classifier:73 - adapters:prompt:fp32: epoch 2/3 start
2026-01-11 19:08:25.583 | INFO     | mobod_llm.experiments.common:train_classifier:89 - adapters:prompt:fp32: epoch 2/3 end
2026-01-11 19:08:25.583 | INFO     | mobod_llm.experiments.common:train_classifier:73 - adapters:prompt:fp32: epoch 3/3 start
2026-01-11 19:08:35.447 | INFO     | mobod_llm.experiments.common:train_classifier:89 - adapters:prompt:fp32: epoch 3/3 end
2026-01-11 19:08:38.543 | INFO     | mobod_llm.experiments.common:train_classifier:73 - adapters:prompt:fp16: epoch 1/3 start
2026-01-11 19:08:49.942 | INFO     | mobod_llm.experiments.common:train_classifier:89 - adapters:prompt:fp16: epoch 1/3 end
2026-01-11 19:08:49.942 | INFO     | mobod_llm.experiments.common:train_classifier:73 - adapters:prompt:fp16: epoch 2/3 start
2026-01-11 19:09:01.321 | INFO     | mobod_llm.experiments.common:train_classifier:89 - adapters:prompt:fp16: epoch 2/3 end
2026-01-11 19:09:01.322 | INFO     | mobod_llm.experiments.common:train_classifier:73 - adapters:prompt:fp16: epoch 3/3 start
2026-01-11 19:09:12.725 | INFO     | mobod_llm.experiments.common:train_classifier:89 - adapters:prompt:fp16: epoch 3/3 end
2026-01-11 19:09:15.722 | INFO     | mobod_llm.experiments.common:train_classifier:73 - adapters:prefix:fp32: epoch 1/3 start
2026-01-11 19:09:26.224 | INFO     | mobod_llm.experiments.common:train_classifier:89 - adapters:prefix:fp32: epoch 1/3 end
2026-01-11 19:09:26.225 | INFO     | mobod_llm.experiments.common:train_classifier:73 - adapters:prefix:fp32: epoch 2/3 start
2026-01-11 19:09:36.635 | INFO     | mobod_llm.experiments.common:train_classifier:89 - adapters:prefix:fp32: epoch 2/3 end
2026-01-11 19:09:36.635 | INFO     | mobod_llm.experiments.common:train_classifier:73 - adapters:prefix:fp32: epoch 3/3 start
2026-01-11 19:09:47.161 | INFO     | mobod_llm.experiments.common:train_classifier:89 - adapters:prefix:fp32: epoch 3/3 end
2026-01-11 19:09:50.166 | INFO     | mobod_llm.experiments.common:train_classifier:73 - adapters:prefix:fp16: epoch 1/3 start
2026-01-11 19:10:03.491 | INFO     | mobod_llm.experiments.common:train_classifier:89 - adapters:prefix:fp16: epoch 1/3 end
2026-01-11 19:10:03.491 | INFO     | mobod_llm.experiments.common:train_classifier:73 - adapters:prefix:fp16: epoch 2/3 start
2026-01-11 19:10:16.957 | INFO     | mobod_llm.experiments.common:train_classifier:89 - adapters:prefix:fp16: epoch 2/3 end
2026-01-11 19:10:16.957 | INFO     | mobod_llm.experiments.common:train_classifier:73 - adapters:prefix:fp16: epoch 3/3 start
2026-01-11 19:10:30.449 | INFO     | mobod_llm.experiments.common:train_classifier:89 - adapters:prefix:fp16: epoch 3/3 end
2026-01-11 19:10:32.999 | INFO     | __main__:main:112 - Stage: datasets
2026-01-11 19:11:30.282 | INFO     | mobod_llm.experiments.common:train_classifier:73 - datasets:SQuAD: epoch 1/2 start
2026-01-11 19:26:46.443 | INFO     | mobod_llm.experiments.common:train_classifier:89 - datasets:SQuAD: epoch 1/2 end
2026-01-11 19:26:46.443 | INFO     | mobod_llm.experiments.common:train_classifier:73 - datasets:SQuAD: epoch 2/2 start
2026-01-11 19:42:04.580 | INFO     | mobod_llm.experiments.common:train_classifier:89 - datasets:SQuAD: epoch 2/2 end
2026-01-11 19:42:53.665 | INFO     | mobod_llm.experiments.common:train_classifier:73 - datasets:RTE: epoch 1/2 start
2026-01-11 19:43:19.485 | INFO     | mobod_llm.experiments.common:train_classifier:89 - datasets:RTE: epoch 1/2 end
2026-01-11 19:43:19.485 | INFO     | mobod_llm.experiments.common:train_classifier:73 - datasets:RTE: epoch 2/2 start
2026-01-11 19:43:45.335 | INFO     | mobod_llm.experiments.common:train_classifier:89 - datasets:RTE: epoch 2/2 end
2026-01-11 19:43:56.909 | INFO     | mobod_llm.experiments.common:train_classifier:73 - datasets:CoLA: epoch 1/2 start
2026-01-11 19:45:25.245 | INFO     | mobod_llm.experiments.common:train_classifier:89 - datasets:CoLA: epoch 1/2 end
2026-01-11 19:45:25.245 | INFO     | mobod_llm.experiments.common:train_classifier:73 - datasets:CoLA: epoch 2/2 start
2026-01-11 19:46:53.787 | INFO     | mobod_llm.experiments.common:train_classifier:89 - datasets:CoLA: epoch 2/2 end
2026-01-11 19:46:59.175 | INFO     | __main__:main:119 - Stage: quant_lora
2026-01-11 19:50:07.896 | INFO     | mobod_llm.experiments.common:train_classifier:73 - quant_lora:lora: epoch 1/2 start
2026-01-11 19:52:00.890 | INFO     | mobod_llm.experiments.common:train_classifier:89 - quant_lora:lora: epoch 1/2 end
2026-01-11 19:52:00.890 | INFO     | mobod_llm.experiments.common:train_classifier:73 - quant_lora:lora: epoch 2/2 start
2026-01-11 19:53:54.713 | INFO     | mobod_llm.experiments.common:train_classifier:89 - quant_lora:lora: epoch 2/2 end
2026-01-11 19:53:54.780 | INFO     | __main__:main:126 - Stage: summary
2026-01-11 19:53:54.810 | INFO     | __main__:main:130 - Outputs saved to: outputs/mobod_20260111_190157
